mode: atomic
github.com/friendly-social/golang-sdk/auth.go:44.40,45.19 1 2000
github.com/friendly-social/golang-sdk/auth.go:45.19,47.3 1 1000
github.com/friendly-social/golang-sdk/auth.go:49.2,49.22 1 1000
github.com/friendly-social/golang-sdk/auth.go:53.58,54.19 1 2000
github.com/friendly-social/golang-sdk/auth.go:54.19,56.3 1 1000
github.com/friendly-social/golang-sdk/auth.go:58.2,58.31 1 1000
github.com/friendly-social/golang-sdk/auth.go:62.183,73.16 4 3000
github.com/friendly-social/golang-sdk/auth.go:73.16,75.3 1 1000
github.com/friendly-social/golang-sdk/auth.go:77.2,81.8 1 2000
github.com/friendly-social/golang-sdk/client.go:28.36,35.2 1 55000
github.com/friendly-social/golang-sdk/client.go:38.43,40.2 1 1000
github.com/friendly-social/golang-sdk/client.go:43.36,45.2 1 1000
github.com/friendly-social/golang-sdk/client.go:47.112,49.17 2 34000
github.com/friendly-social/golang-sdk/client.go:49.17,51.17 2 12000
github.com/friendly-social/golang-sdk/client.go:51.17,53.4 1 1000
github.com/friendly-social/golang-sdk/client.go:55.3,55.41 1 11000
github.com/friendly-social/golang-sdk/client.go:58.2,59.16 2 33000
github.com/friendly-social/golang-sdk/client.go:59.16,61.3 1 1000
github.com/friendly-social/golang-sdk/client.go:63.2,64.16 2 32000
github.com/friendly-social/golang-sdk/client.go:64.16,66.3 1 1000
github.com/friendly-social/golang-sdk/client.go:68.2,69.17 2 31000
github.com/friendly-social/golang-sdk/client.go:69.17,72.3 2 18000
github.com/friendly-social/golang-sdk/client.go:74.2,74.31 1 31000
github.com/friendly-social/golang-sdk/client.go:77.63,79.16 2 36000
github.com/friendly-social/golang-sdk/client.go:79.16,81.3 1 3000
github.com/friendly-social/golang-sdk/client.go:82.2,86.16 4 33000
github.com/friendly-social/golang-sdk/client.go:86.16,88.3 1 1000
github.com/friendly-social/golang-sdk/client.go:90.2,90.53 1 32000
github.com/friendly-social/golang-sdk/client.go:90.53,91.20 1 17000
github.com/friendly-social/golang-sdk/client.go:91.20,93.4 1 2000
github.com/friendly-social/golang-sdk/client.go:95.3,96.20 2 15000
github.com/friendly-social/golang-sdk/client.go:97.27,98.54 1 12000
github.com/friendly-social/golang-sdk/client.go:98.54,100.5 1 1000
github.com/friendly-social/golang-sdk/client.go:101.21,103.11 2 2000
github.com/friendly-social/golang-sdk/client.go:103.11,105.5 1 1000
github.com/friendly-social/golang-sdk/client.go:106.4,106.26 1 1000
github.com/friendly-social/golang-sdk/client.go:107.11,108.56 1 1000
github.com/friendly-social/golang-sdk/client.go:111.3,111.13 1 12000
github.com/friendly-social/golang-sdk/client.go:114.2,114.25 1 15000
github.com/friendly-social/golang-sdk/client.go:115.31,116.86 1 1000
github.com/friendly-social/golang-sdk/client.go:117.28,118.83 1 1000
github.com/friendly-social/golang-sdk/client.go:119.27,120.82 1 1000
github.com/friendly-social/golang-sdk/client.go:121.10,122.122 1 12000
github.com/friendly-social/golang-sdk/feed.go:22.93,25.16 3 2000
github.com/friendly-social/golang-sdk/feed.go:25.16,27.3 1 1000
github.com/friendly-social/golang-sdk/feed.go:29.2,29.19 1 1000
github.com/friendly-social/golang-sdk/files.go:38.58,39.19 1 2000
github.com/friendly-social/golang-sdk/files.go:39.19,41.3 1 1000
github.com/friendly-social/golang-sdk/files.go:43.2,43.31 1 1000
github.com/friendly-social/golang-sdk/files.go:47.65,49.16 2 11000
github.com/friendly-social/golang-sdk/files.go:49.16,51.3 1 2000
github.com/friendly-social/golang-sdk/files.go:53.2,53.17 1 9000
github.com/friendly-social/golang-sdk/files.go:57.95,59.16 2 9000
github.com/friendly-social/golang-sdk/files.go:59.16,61.3 1 1000
github.com/friendly-social/golang-sdk/files.go:63.2,64.16 2 8000
github.com/friendly-social/golang-sdk/files.go:64.16,66.3 1 1000
github.com/friendly-social/golang-sdk/files.go:68.2,69.16 2 7000
github.com/friendly-social/golang-sdk/files.go:69.16,71.3 1 1000
github.com/friendly-social/golang-sdk/files.go:73.2,73.53 1 6000
github.com/friendly-social/golang-sdk/files.go:73.53,75.3 1 1000
github.com/friendly-social/golang-sdk/files.go:77.2,78.16 2 5000
github.com/friendly-social/golang-sdk/files.go:78.16,80.3 1 1000
github.com/friendly-social/golang-sdk/files.go:82.2,82.25 1 4000
github.com/friendly-social/golang-sdk/files.go:83.31,84.83 1 1000
github.com/friendly-social/golang-sdk/files.go:85.28,86.80 1 1000
github.com/friendly-social/golang-sdk/files.go:87.27,88.79 1 1000
github.com/friendly-social/golang-sdk/files.go:89.10,90.106 1 1000
github.com/friendly-social/golang-sdk/files.go:96.121,101.12 4 7000
github.com/friendly-social/golang-sdk/files.go:101.12,103.16 2 7000
github.com/friendly-social/golang-sdk/files.go:103.16,106.4 2 2000
github.com/friendly-social/golang-sdk/files.go:108.3,109.17 2 7000
github.com/friendly-social/golang-sdk/files.go:109.17,111.4 1 1000
github.com/friendly-social/golang-sdk/files.go:113.3,113.33 1 1000
github.com/friendly-social/golang-sdk/files.go:116.2,117.16 2 7000
github.com/friendly-social/golang-sdk/files.go:117.16,119.3 1 1000
github.com/friendly-social/golang-sdk/files.go:121.2,122.16 2 6000
github.com/friendly-social/golang-sdk/files.go:122.16,124.3 1 1000
github.com/friendly-social/golang-sdk/files.go:126.2,131.16 5 5000
github.com/friendly-social/golang-sdk/files.go:131.16,132.63 1 4000
github.com/friendly-social/golang-sdk/files.go:132.63,134.4 1 1000
github.com/friendly-social/golang-sdk/files.go:136.3,136.60 1 3000
github.com/friendly-social/golang-sdk/files.go:136.60,138.4 1 1000
github.com/friendly-social/golang-sdk/files.go:140.3,140.63 1 2000
github.com/friendly-social/golang-sdk/files.go:143.2,146.8 1 1000
github.com/friendly-social/golang-sdk/friends.go:35.52,36.19 1 2000
github.com/friendly-social/golang-sdk/friends.go:36.19,38.3 1 1000
github.com/friendly-social/golang-sdk/friends.go:40.2,40.28 1 1000
github.com/friendly-social/golang-sdk/friends.go:44.101,47.16 3 2000
github.com/friendly-social/golang-sdk/friends.go:47.16,49.3 1 1000
github.com/friendly-social/golang-sdk/friends.go:51.2,51.24 1 1000
github.com/friendly-social/golang-sdk/friends.go:55.110,63.16 4 3000
github.com/friendly-social/golang-sdk/friends.go:63.16,65.3 1 1000
github.com/friendly-social/golang-sdk/friends.go:67.2,67.39 1 2000
github.com/friendly-social/golang-sdk/friends.go:67.39,69.3 1 1000
github.com/friendly-social/golang-sdk/friends.go:71.2,71.12 1 1000
github.com/friendly-social/golang-sdk/friends.go:75.126,82.16 3 2000
github.com/friendly-social/golang-sdk/friends.go:82.16,84.3 1 1000
github.com/friendly-social/golang-sdk/friends.go:86.2,86.12 1 1000
github.com/friendly-social/golang-sdk/friends.go:90.129,97.16 3 2000
github.com/friendly-social/golang-sdk/friends.go:97.16,99.3 1 1000
github.com/friendly-social/golang-sdk/friends.go:101.2,101.12 1 1000
github.com/friendly-social/golang-sdk/network.go:11.103,14.16 3 2000
github.com/friendly-social/golang-sdk/network.go:14.16,16.3 1 1000
github.com/friendly-social/golang-sdk/network.go:18.2,18.22 1 1000
github.com/friendly-social/golang-sdk/users.go:38.46,39.18 1 2000
github.com/friendly-social/golang-sdk/users.go:39.18,41.3 1 1000
github.com/friendly-social/golang-sdk/users.go:43.2,43.25 1 1000
github.com/friendly-social/golang-sdk/users.go:47.60,48.19 1 2000
github.com/friendly-social/golang-sdk/users.go:48.19,50.3 1 1000
github.com/friendly-social/golang-sdk/users.go:52.2,52.32 1 1000
github.com/friendly-social/golang-sdk/users.go:56.46,57.17 1 2000
github.com/friendly-social/golang-sdk/users.go:57.17,59.3 1 1000
github.com/friendly-social/golang-sdk/users.go:61.2,61.25 1 1000
github.com/friendly-social/golang-sdk/users.go:65.50,66.19 1 2000
github.com/friendly-social/golang-sdk/users.go:66.19,68.3 1 1000
github.com/friendly-social/golang-sdk/users.go:70.2,70.27 1 1000
github.com/friendly-social/golang-sdk/users.go:74.97,77.16 3 2000
github.com/friendly-social/golang-sdk/users.go:77.16,79.3 1 1000
github.com/friendly-social/golang-sdk/users.go:81.2,81.22 1 1000
github.com/friendly-social/golang-sdk/users.go:85.139,88.16 3 2000
github.com/friendly-social/golang-sdk/users.go:88.16,90.3 1 1000
github.com/friendly-social/golang-sdk/users.go:92.2,92.22 1 1000
